// Jest Snapshot v1, https://goo.gl/fbAQLP

exports[`Navbar Section Component Unit Tests navbar section styled components 1`] = `
.c0 {
  min-height: 10vh;
  display: -webkit-box;
  display: -webkit-flex;
  display: -ms-flexbox;
  display: flex;
  margin: auto;
  -webkit-box-pack: justify;
  -webkit-justify-content: space-between;
  -ms-flex-pack: justify;
  justify-content: space-between;
  -webkit-align-items: center;
  -webkit-box-align: center;
  -ms-flex-align: center;
  align-items: center;
  padding: 0rem 5rem;
  background-color: whitesmoke;
  position: -webkit-sticky;
  position: sticky;
  top: 0;
  z-index: 10;
}

.c0 a {
  color: #1b1b1b;
  -webkit-text-decoration: none;
  text-decoration: none;
  font-size: 1.5rem;
}

.c0 ul {
  display: -webkit-box;
  display: -webkit-flex;
  display: -ms-flexbox;
  display: flex;
  list-style: none;
}

.c0 li {
  padding-left: 5rem;
  position: relative;
}

@media (max-width:1300px) {
  .c0 {
    -webkit-flex-direction: column;
    -ms-flex-direction: column;
    flex-direction: column;
    padding: 2rem;
  }

  .c0 #main_logo {
    display: inline-block;
    margin: 1rem;
  }

  .c0 ul {
    padding: 2rem 1rem;
    -webkit-box-pack: justify;
    -webkit-justify-content: space-between;
    -ms-flex-pack: justify;
    justify-content: space-between;
    width: 100%;
  }

  .c0 ul li {
    padding: 0;
  }
}

<nav
  className="c0"
  data-testid="navtest-id"
>
  <h1>
    <a
      href="a"
    >
       
    </a>
    Aria-Able
  </h1>
  <ul>
    <li>
      <a
        href="a"
      >
        Components
      </a>
    </li>
    <li>
      <a
        href="a"
      >
        Gallery
      </a>
    </li>
    <li>
      <a
        href="a"
      >
        Contact
      </a>
    </li>
  </ul>
</nav>
`;
